[glanz.starkethemes.com/html/01_02_home_pink_flowers.html]
[backblue.gif]
[fade.gif]
[index.html]
[glanz.starkethemes.com/html/images/favicon.ico]
[glanz.starkethemes.com/html/css/glanz_library.css]
[glanz.starkethemes.com/html/fonts/themify-icons.css]
[glanz.starkethemes.com/html/css/glanz_style.css]
[glanz.starkethemes.com/html/images/glanz_logo.png]
[glanz.starkethemes.com/html/images/wedding/lauren_affonso/14400933225_3b844816c3_k.jpg]
[glanz.starkethemes.com/html/01_01_home_simple_flowers.html]
[glanz.starkethemes.com/html/01_04_home_flbg.html]
[glanz.starkethemes.com/html/01_05_home_flbg.html]
[glanz.starkethemes.com/html/01_06_home_flbg.html]
[glanz.starkethemes.com/html/01_10_home_parallax.html]
[glanz.starkethemes.com/html/01_09_home_land.html]
[glanz.starkethemes.com/html/01_07_wedding_planner.html]
[glanz.starkethemes.com/html/01_08_wedding_flowers.html]
[glanz.starkethemes.com/html/01_11_wedding_cakes.html]
[glanz.starkethemes.com/html/02_01_invitation.html]
[glanz.starkethemes.com/html/02_02_invitation.html]
[glanz.starkethemes.com/html/02_03_invitation.html]
[glanz.starkethemes.com/html/02_04_invitation.html]
[glanz.starkethemes.com/html/03_01_blog_sidebar.html]
[glanz.starkethemes.com/html/03_02_blog_1col.html]
[glanz.starkethemes.com/html/03_03_blog_single_sidebar.html]
[glanz.starkethemes.com/html/03_04_blog_single_col1.html]
[glanz.starkethemes.com/html/04_01_shop_category_col1.html]
[glanz.starkethemes.com/html/04_02_shop_category_sidebar.html]
[glanz.starkethemes.com/html/04_03_shop_single_sidebar.html]
[glanz.starkethemes.com/html/04_04_shop_cart.html]
[glanz.starkethemes.com/html/04_05_shop_checkout.html]
[glanz.starkethemes.com/html/05_01_shortcodes.html]
[glanz.starkethemes.com/html/05_14_when_where.html]
[glanz.starkethemes.com/html/05_15_friends.html]
[glanz.starkethemes.com/html/05_16_about.html]
[glanz.starkethemes.com/html/05_17_save.html]
[glanz.starkethemes.com/html/05_18_rsvp.html]
[glanz.starkethemes.com/html/05_19_badges.html]
[glanz.starkethemes.com/html/05_02_testimonials.html]
[glanz.starkethemes.com/html/05_03_passpartu.html]
[glanz.starkethemes.com/html/05_04_preloader.html]
[glanz.starkethemes.com/html/05_05_videointro.html]
[glanz.starkethemes.com/html/05_06_video_slider.html]
[glanz.starkethemes.com/html/05_07_video_section.html]
[glanz.starkethemes.com/html/05_08_slider.html]
[glanz.starkethemes.com/html/05_09_header_transparent.html]
[glanz.starkethemes.com/html/05_10_header_white.html]
[glanz.starkethemes.com/html/05_11_header_black.html]
[glanz.starkethemes.com/html/05_12_header_image.html]
[glanz.starkethemes.com/html/05_13_footers.html]
[glanz.starkethemes.com/html/images/wedding/lauren_affonso/14214412498_73d4296c75_k_sm.jpg]
[glanz.starkethemes.com/html/images/animations/flower5.gif]
[glanz.starkethemes.com/html/images/wedding/lauren_affonso/14214309838_1a8f80c65a_k.jpg]
[glanz.starkethemes.com/html/images/animations/flower6.gif]
[glanz.starkethemes.com/html/images/wedding/lauren_affonso/600x600/14214580180_4dbce3ed37_k.jpg]
[glanz.starkethemes.com/html/images/wedding/lauren_affonso/600x600/14214514238_c7a691994d_k.jpg]
[glanz.starkethemes.com/html/images/wedding/lauren_affonso/600x600/14214610370_ccda70fba1_k.jpg]
[glanz.starkethemes.com/html/images/wedding/lauren_affonso/14378154996_a9923cfa6f_k.jpg]
[glanz.starkethemes.com/html/images/animations/rsvp_wh.gif]
[glanz.starkethemes.com/html/images/animations/flower7.gif]
[glanz.starkethemes.com/html/images/wedding/lauren_affonso/600x600/14214345610_af0e495ff2_k.jpg]
[glanz.starkethemes.com/html/images/wedding/lauren_affonso/14214347748_db9bfb6322_k.jpg]
[glanz.starkethemes.com/html/images/wedding/lauren_affonso/14214358898_8eed03f1d6_k.jpg]
[glanz.starkethemes.com/html/images/wedding/lauren_affonso/600x600/14214358898_8eed03f1d6_k.jpg]
[glanz.starkethemes.com/html/images/wedding/lauren_affonso/14214387908_8ad395d6d0_k.jpg]
[glanz.starkethemes.com/html/images/wedding/lauren_affonso/600x600/14214387908_8ad395d6d0_k.jpg]
[glanz.starkethemes.com/html/images/wedding/lauren_affonso/14214397640_d49d0e765d_k.jpg]
[glanz.starkethemes.com/html/images/wedding/lauren_affonso/600x600/14214397640_d49d0e765d_k.jpg]
[glanz.starkethemes.com/html/images/wedding/lauren_affonso/14214429749_ad31345b6d_k.jpg]
[glanz.starkethemes.com/html/images/wedding/lauren_affonso/600x600/14214429749_ad31345b6d_k.jpg]
[glanz.starkethemes.com/html/images/wedding/lauren_affonso/14214471159_96ea39117f_k.jpg]
[glanz.starkethemes.com/html/images/wedding/lauren_affonso/600x600/14214471159_96ea39117f_k.jpg]
[glanz.starkethemes.com/html/images/wedding/lauren_affonso/14214473720_7f2af51372_k.jpg]
[glanz.starkethemes.com/html/images/wedding/lauren_affonso/600x600/14214473720_7f2af51372_k.jpg]
[glanz.starkethemes.com/html/images/wedding/lauren_affonso/14214610370_ccda70fba1_k.jpg]
[glanz.starkethemes.com/html/images/wedding/lauren_affonso/14377952686_252620ebb7_k.jpg]
[glanz.starkethemes.com/html/images/wedding/lauren_affonso/600x600/14377952686_252620ebb7_k.jpg]
[glanz.starkethemes.com/html/images/wedding/lauren_affonso/14397823931_a8e8cf3fa7_k.jpg]
[glanz.starkethemes.com/html/images/wedding/lauren_affonso/600x600/14397823931_a8e8cf3fa7_k.jpg]
[glanz.starkethemes.com/html/images/wedding/lauren_affonso/14399848562_abaad23e7a_k.jpg]
[glanz.starkethemes.com/html/images/wedding/lauren_affonso/600x600/14399848562_abaad23e7a_k.jpg]
[glanz.starkethemes.com/html/images/wedding/lauren_affonso/14399908894_b8858a5476_k.jpg]
[glanz.starkethemes.com/html/images/wedding/lauren_affonso/600x600/14399908894_b8858a5476_k.jpg]
[glanz.starkethemes.com/html/images/wedding/lauren_affonso/14401393205_af78b0dd2f_k.jpg]
[glanz.starkethemes.com/html/images/wedding/lauren_affonso/600x600/14401393205_af78b0dd2f_k.jpg]
[glanz.starkethemes.com/html/images/wedding/lauren_affonso/14401390305_9a369d1e4d_k.jpg]
[glanz.starkethemes.com/html/images/wedding/lauren_affonso/600x600/14401390305_9a369d1e4d_k.jpg]
[glanz.starkethemes.com/html/images/wedding/lauren_affonso/14401083075_5bf66d3082_k.jpg]
[glanz.starkethemes.com/html/images/wedding/lauren_affonso/600x600/14401083075_5bf66d3082_k.jpg]
[glanz.starkethemes.com/html/images/wedding/lauren_affonso/14399773152_759f6d4057_k.jpg]
[glanz.starkethemes.com/html/images/wedding/lauren_affonso/600x600/14399773152_759f6d4057_k.jpg]
[glanz.starkethemes.com/html/images/wedding/lauren_affonso/600x600/14400933225_3b844816c3_k.jpg]
[glanz.starkethemes.com/html/images/partners/amazon.png]
[glanz.starkethemes.com/html/images/partners/crate.png]
[glanz.starkethemes.com/html/images/partners/newly.png]
[glanz.starkethemes.com/html/images/wedding/lauren_affonso/600x600/14421186043_a817e20aa5_k.jpg]
[glanz.starkethemes.com/html/images/wedding/lauren_affonso/600x600/14401255335_785c7e78a4_k.jpg]
[glanz.starkethemes.com/html/images/wedding/lauren_affonso/14214456709_b71037d1ed_k.jpg]
[glanz.starkethemes.com/html/images/wedding/lauren_affonso/600x600/14214456709_b71037d1ed_k.jpg]
[glanz.starkethemes.com/html/images/wedding/lauren_affonso/600x600/14421584103_4393f08b6c_k.jpg]
[glanz.starkethemes.com/html/images/wedding/lauren_affonso/14214839668_c094232d97_k.jpg]
[glanz.starkethemes.com/html/images/wedding/lauren_affonso/600x600/14214839668_c094232d97_k.jpg]
[glanz.starkethemes.com/html/images/wedding/lauren_affonso/14214805748_41d9615733_k.jpg]
[glanz.starkethemes.com/html/images/wedding/lauren_affonso/600x600/14214805748_41d9615733_k.jpg]
[glanz.starkethemes.com/html/images/wedding/lauren_affonso/14401497035_5c4a8f0b0a_k.jpg]
[glanz.starkethemes.com/html/images/wedding/lauren_affonso/600x600/14401497035_5c4a8f0b0a_k.jpg]
[glanz.starkethemes.com/html/images/wedding/lauren_affonso/14399707332_ca2503be41_k.jpg]
[glanz.starkethemes.com/html/images/wedding/lauren_affonso/600x600/14399707332_ca2503be41_k.jpg]
[glanz.starkethemes.com/html/images/wedding/lauren_affonso/14214662727_11e5c719f7_k.jpg]
[glanz.starkethemes.com/html/images/wedding/lauren_affonso/600x600/14214662727_11e5c719f7_k.jpg]
[glanz.starkethemes.com/html/images/animations/thnyou_wh.gif]
[glanz.starkethemes.com/html/js/jquery-1.12.4.min.js]
[glanz.starkethemes.com/html/js/glanz_library.js]
[glanz.starkethemes.com/html/js/glanz_script.js]
[glanz.starkethemes.com/html/01_02_home_pink_flowers.html]
[glanz.starkethemes.com/html/fonts/glyphicons-halflings-regular.eot]
[glanz.starkethemes.com/html/fonts/glyphicons-halflings-regulard41d.eot]
[glanz.starkethemes.com/html/fonts/glyphicons-halflings-regular.woff2]
[glanz.starkethemes.com/html/fonts/glyphicons-halflings-regular.woff]
[glanz.starkethemes.com/html/fonts/glyphicons-halflings-regular.ttf]
[glanz.starkethemes.com/html/fonts/glyphicons-halflings-regular.svg]
[glanz.starkethemes.com/html/css/grabbing.png]
[glanz.starkethemes.com/html/css/AjaxLoader.gif]
[glanz.starkethemes.com/html/css/glanz_library.css]
[glanz.starkethemes.com/html/fonts/fonts/themify9f24.eot]
[glanz.starkethemes.com/html/fonts/fonts/themifyd41d.eot]
[glanz.starkethemes.com/html/fonts/fonts/themify9f24.woff]
[glanz.starkethemes.com/html/fonts/themify-icons.css]
[glanz.starkethemes.com/html/images/enhance_logo_n.87.delayed]
[glanz.starkethemes.com/html/images/gold_numbers_wh.gif]
[glanz.starkethemes.com/html/images/flowers_slider/fl2_c1.png]
[glanz.starkethemes.com/html/images/flowers_slider/fl2_c2.png]
[glanz.starkethemes.com/html/images/flowers_slider/fl2_c3.png]
[glanz.starkethemes.com/html/images/flowers_slider/fl2_c4.png]
[glanz.starkethemes.com/html/images/flowers_slider/fl2_c5.png]
[glanz.starkethemes.com/html/images/flowers_slider/fl2_c6.png]
[glanz.starkethemes.com/html/images/flowers_slider/fl3_c1.png]
[glanz.starkethemes.com/html/images/flowers_slider/fl3_c2.png]
[glanz.starkethemes.com/html/images/flowers_slider/fl3_c3.png]
[glanz.starkethemes.com/html/images/flowers_slider/fl3_c4.png]
[glanz.starkethemes.com/html/images/flowers_slider/fl3_c5.png]
[glanz.starkethemes.com/html/images/flowers_slider/fl3_c6.png]
[glanz.starkethemes.com/html/images/flowers_slider/fl1_c1.png]
[glanz.starkethemes.com/html/images/flowers_slider/fl1_c2.png]
[glanz.starkethemes.com/html/images/flowers_slider/fl1_c3.png]
[glanz.starkethemes.com/html/images/flowers_slider/fl1_c4.png]
[glanz.starkethemes.com/html/images/flowers_slider/fl1_c5.png]
[glanz.starkethemes.com/html/images/flowers_slider/fl1_c6.png]
[glanz.starkethemes.com/html/images/flower.png]
[glanz.starkethemes.com/html/images/flower2.png]
[glanz.starkethemes.com/html/images/flower2_bird.png]
[glanz.starkethemes.com/html/images/cursor.png]
[glanz.starkethemes.com/html/images/macbook2.png]
[glanz.starkethemes.com/html/images/gla_mobile_header.a3.delayed]
[glanz.starkethemes.com/html/images/gla_tablet_header.png]
[glanz.starkethemes.com/html/css/glanz_style.css]
[glanz.starkethemes.com/html/fonts/marsha/marsha_belle_demo_version-webfont.eot]
[glanz.starkethemes.com/html/fonts/marsha/marsha_belle_demo_version-webfontd41d.eot]
[glanz.starkethemes.com/html/fonts/marsha/marsha_belle_demo_version-webfont.woff2]
[glanz.starkethemes.com/html/fonts/marsha/marsha_belle_demo_version-webfont.ttf]
[glanz.starkethemes.com/html/fonts/marsha/stylesheet.css]
[glanz.starkethemes.com/html/images/wedding/andy_jeska/10099882125_4afe7c6786_k_mb.jpg]
[glanz.starkethemes.com/html/images/animations/ourwedding_wh.gif]
[glanz.starkethemes.com/html/images/wedding/andy_jeska/10096243776_4e750f391d_k.jpg]
[glanz.starkethemes.com/html/images/animations/flowers2.gif]
[glanz.starkethemes.com/html/images/wedding/andy_jeska/600x600/10095142066_6a86ebfe67_k.jpg]
[glanz.starkethemes.com/html/images/wedding/andy_jeska/600x600/10100100896_8b80e531d1_k.jpg]
[glanz.starkethemes.com/html/images/wedding/600x600/q9nabuuiuvq-scott-webb.jpg]
[glanz.starkethemes.com/html/images/wedding/andy_jeska/10094956883_a882196f8c_k.jpg]
[glanz.starkethemes.com/html/images/animations/just_wh.gif]
[glanz.starkethemes.com/html/images/wedding/andy_jeska/10095808183_874f459e53_k.jpg]
[glanz.starkethemes.com/html/images/wedding/andy_jeska/600x600/10095808183_874f459e53_k.jpg]
[glanz.starkethemes.com/html/images/wedding/andy_jeska/600x600/10096243776_4e750f391d_k.jpg]
[glanz.starkethemes.com/html/images/wedding/andy_jeska/10095927256_f459f77daa_k.jpg]
[glanz.starkethemes.com/html/images/wedding/andy_jeska/600x600/10095927256_f459f77daa_k.jpg]
[glanz.starkethemes.com/html/images/wedding/andy_jeska/10095963916_57e18bea41_k.jpg]
[glanz.starkethemes.com/html/images/wedding/andy_jeska/10095988173_77091281cd_k.jpg]
[glanz.starkethemes.com/html/images/wedding/andy_jeska/600x600/10095988173_77091281cd_k.jpg]
[glanz.starkethemes.com/html/images/wedding/andy_jeska/10096139416_1162425d85_k.jpg]
[glanz.starkethemes.com/html/images/wedding/andy_jeska/600x600/10096139416_1162425d85_k.jpg]
[glanz.starkethemes.com/html/images/wedding/andy_jeska/600x600/10094956883_a882196f8c_k.jpg]
[glanz.starkethemes.com/html/images/wedding/andy_jeska/600x600/10094863536_8f293da2ad_k.jpg]
[glanz.starkethemes.com/html/images/wedding/andy_jeska/10100100896_8b80e531d1_k.jpg]
[glanz.starkethemes.com/html/images/wedding/andy_jeska/10100173003_80e26502d3_k.jpg]
[glanz.starkethemes.com/html/images/wedding/andy_jeska/600x600/10100173003_80e26502d3_k.jpg]
[glanz.starkethemes.com/html/images/wedding/andy_jeska/10100392493_07fcf7d82b_k.jpg]
[glanz.starkethemes.com/html/images/wedding/andy_jeska/600x600/10100392493_07fcf7d82b_k.jpg]
[glanz.starkethemes.com/html/images/wedding/andy_jeska/10099954204_db5f419e44_k.jpg]
[glanz.starkethemes.com/html/images/wedding/andy_jeska/600x600/10099954204_db5f419e44_k.jpg]
[glanz.starkethemes.com/html/images/wedding/andy_jeska/10099728415_f6d8ea36c0_k.jpg]
[glanz.starkethemes.com/html/images/wedding/andy_jeska/600x600/10099728415_f6d8ea36c0_k.jpg]
[glanz.starkethemes.com/html/images/wedding/andy_jeska/10099718805_16c092eb64_k.jpg]
[glanz.starkethemes.com/html/images/wedding/andy_jeska/600x600/10099718805_16c092eb64_k.jpg]
[glanz.starkethemes.com/html/images/wedding/andy_jeska/10100565866_2fd1627ee6_k.jpg]
[glanz.starkethemes.com/html/images/wedding/andy_jeska/600x600/10100565866_2fd1627ee6_k.jpg]
[glanz.starkethemes.com/html/images/wedding/andy_jeska/600x600/10099579135_677c46440b_k.jpg]
[glanz.starkethemes.com/html/images/wedding/andy_jeska/10099389876_019dea4bdd_k.jpg]
[glanz.starkethemes.com/html/images/wedding/andy_jeska/600x600/10099389876_019dea4bdd_k.jpg]
[glanz.starkethemes.com/html/images/animations/rsvp.gif]
[glanz.starkethemes.com/html/01_01_home_simple_flowers.html]
[glanz.starkethemes.com/html/images/glanz_logo_bl.png]
[glanz.starkethemes.com/html/images/wedding/ian_kelsey/14629241938_afd1c2c19f_k.jpg]
[glanz.starkethemes.com/html/images/wedding/ian_kelsey/14814210441_d5f33a00f1_k.jpg]
[glanz.starkethemes.com/html/images/wedding/ian_kelsey/14815177364_46f0b9d71e_k.jpg]
[glanz.starkethemes.com/html/images/animations/just_st.gif]
[glanz.starkethemes.com/html/01_04_home_flbg.html]
[glanz.starkethemes.com/html/images/animations/savethedate.gif]
[glanz.starkethemes.com/html/images/wedding/carita_lee/15312348718_b61a0d7db8_k.jpg]
[glanz.starkethemes.com/html/images/wedding/carita_lee/15312922368_65016239b0_k.jpg]
[glanz.starkethemes.com/html/images/wedding/carita_lee/600x600/15312922368_65016239b0_k.jpg]
[glanz.starkethemes.com/html/images/wedding/carita_lee/15313164930_8d1c9f3619_k.jpg]
[glanz.starkethemes.com/html/images/wedding/carita_lee/600x600/15313164930_8d1c9f3619_k.jpg]
[glanz.starkethemes.com/html/images/wedding/carita_lee/15318554340_37fbf7616c_k.jpg]
[glanz.starkethemes.com/html/images/wedding/carita_lee/600x600/15318554340_37fbf7616c_k.jpg]
[glanz.starkethemes.com/html/images/wedding/carita_lee/15318861900_9aeb21b1fa_k.jpg]
[glanz.starkethemes.com/html/images/wedding/carita_lee/600x600/15318861900_9aeb21b1fa_k.jpg]
[glanz.starkethemes.com/html/images/wedding/carita_lee/15319475049_fc467e5874_k.jpg]
[glanz.starkethemes.com/html/images/wedding/carita_lee/600x600/15319475049_fc467e5874_k.jpg]
[glanz.starkethemes.com/html/images/wedding/carita_lee/15320262760_a24165f45b_k.jpg]
[glanz.starkethemes.com/html/images/wedding/carita_lee/600x600/15320262760_a24165f45b_k.jpg]
[glanz.starkethemes.com/html/images/wedding/carita_lee/15476203536_73056113ee_k.jpg]
[glanz.starkethemes.com/html/images/wedding/carita_lee/600x600/15476203536_73056113ee_k.jpg]
[glanz.starkethemes.com/html/images/wedding/carita_lee/15484313306_1843f103b0_k.jpg]
[glanz.starkethemes.com/html/images/wedding/carita_lee/600x600/15484313306_1843f103b0_k.jpg]
[glanz.starkethemes.com/html/images/wedding/carita_lee/15495150831_0ef33acfe3_k.jpg]
[glanz.starkethemes.com/html/images/wedding/carita_lee/600x600/15495150831_0ef33acfe3_k.jpg]
[glanz.starkethemes.com/html/images/wedding/carita_lee/15496676321_adf8baee9e_k.jpg]
[glanz.starkethemes.com/html/images/wedding/carita_lee/600x600/15496676321_adf8baee9e_k.jpg]
[glanz.starkethemes.com/html/images/wedding/carita_lee/15498738782_0d7cddc826_k.jpg]
[glanz.starkethemes.com/html/images/wedding/carita_lee/600x600/15498738782_0d7cddc826_k.jpg]
[glanz.starkethemes.com/html/images/wedding/carita_lee/15499450535_7e3951ee7a_k.jpg]
[glanz.starkethemes.com/html/images/wedding/carita_lee/600x600/15499450535_7e3951ee7a_k.jpg]
[glanz.starkethemes.com/html/images/wedding/carita_lee/15499639522_67c18ba83d_k.jpg]
[glanz.starkethemes.com/html/images/wedding/carita_lee/600x600/15499639522_67c18ba83d_k.jpg]
[glanz.starkethemes.com/html/images/wedding/carita_lee/15499990315_b11d1e7c7f_k.jpg]
[glanz.starkethemes.com/html/images/wedding/carita_lee/600x600/15499990315_b11d1e7c7f_k.jpg]
[glanz.starkethemes.com/html/images/wedding/carita_lee/15502403291_7acc15ad4f_k.jpg]
[glanz.starkethemes.com/html/images/wedding/carita_lee/600x600/15502403291_7acc15ad4f_k.jpg]
[glanz.starkethemes.com/html/images/wedding/carita_lee/15502865751_aa36e95627_k.jpg]
[glanz.starkethemes.com/html/images/wedding/carita_lee/600x600/15502865751_aa36e95627_k.jpg]
[glanz.starkethemes.com/html/images/wedding/carita_lee/15503304111_d927414239_k.jpg]
[glanz.starkethemes.com/html/images/wedding/carita_lee/600x600/15503304111_d927414239_k.jpg]
[glanz.starkethemes.com/html/images/wedding/carita_lee/15505245792_7f2c5c9d63_k.jpg]
[glanz.starkethemes.com/html/images/wedding/carita_lee/600x600/15505245792_7f2c5c9d63_k.jpg]
[glanz.starkethemes.com/html/images/wedding/carita_lee/15313125490_cddc46c828_k.jpg]
[glanz.starkethemes.com/html/01_05_home_flbg.html]
[glanz.starkethemes.com/html/01_06_home_flbg.html]
[glanz.starkethemes.com/html/images/wedding/mark_liz/10503327696_43f22603da_k.jpg]
[glanz.starkethemes.com/html/images/wedding/mark_liz/10502734756_d295257d36_k.jpg]
[glanz.starkethemes.com/html/images/wedding/mark_liz/10503392955_fb46d6b158_k.jpg]
[glanz.starkethemes.com/html/images/wedding/mark_liz/10502663484_d6f61198b4_k.jpg]
[glanz.starkethemes.com/html/images/wedding/mark_liz/10503022515_d96d642143_k.jpg]
[glanz.starkethemes.com/html/images/wedding/mark_liz/10503209034_51e5fc8878_k.jpg]
[glanz.starkethemes.com/html/01_10_home_parallax.html]
[glanz.starkethemes.com/html/images/badge.png]
[glanz.starkethemes.com/html/images/animations/mrandmrs.gif]
[glanz.starkethemes.com/html/images/wedding/carita_lee/600x600/15319460687_17d6396bac_k.jpg]
[glanz.starkethemes.com/html/images/wedding/carita_lee/15319753278_2c5a50cb74_k.jpg]
[glanz.starkethemes.com/html/images/wedding_m/600x600/tom-pumford-226386.jpg]
[glanz.starkethemes.com/html/images/wedding_m/600x600/tamara-menzi-224980.jpg]
[glanz.starkethemes.com/html/images/partners/macys-logo_bl.png]
[glanz.starkethemes.com/html/images/partners/bed-bath-beyond-logo_bl.png]
[glanz.starkethemes.com/html/images/partners/newly_bl.png]
[glanz.starkethemes.com/html/images/wedding/carita_lee/600x600/15319753278_2c5a50cb74_k.jpg]
[glanz.starkethemes.com/html/images/wedding/carita_lee/600x600/15319361997_c1640fa738_k.jpg]
[glanz.starkethemes.com/html/images/wedding/carita_lee/600x600/15499035192_2d5a8a1e2e_k.jpg]
[glanz.starkethemes.com/html/01_09_home_land.html]
[glanz.starkethemes.com/html/fonts/wedding/flaticon.css]
[glanz.starkethemes.com/html/images/wedding_m/600x600/photo-nic-co-uk-nic-224379.jpg]
[glanz.starkethemes.com/html/images/wedding_m/600x600/brooke-cagle-193349.jpg]
[glanz.starkethemes.com/html/images/wedding_m/600x600/mitchell-orr-179532.jpg]
[glanz.starkethemes.com/html/images/wedding_m/600x600/ben-white-131955.jpg]
[glanz.starkethemes.com/html/images/wedding_m/600x600/tom-pumford-226929.jpg]
[glanz.starkethemes.com/html/images/faces/100x100/1qyw0de2xc8-clem-onojeghuo.jpg]
[glanz.starkethemes.com/html/images/faces/100x100/4g1xtqiq06o-andrew-branch.jpg]
[glanz.starkethemes.com/html/images/faces/100x100/6sb3h9ekz04-matthew-kane.jpg]
[glanz.starkethemes.com/html/01_07_wedding_planner.html]
[glanz.starkethemes.com/html/images/wedding_m/600x600/alvin-mahmudov-181259.jpg]
[glanz.starkethemes.com/html/images/wedding_m/alvin-mahmudov-181259.jpg]
[glanz.starkethemes.com/html/images/wedding_m/600x600/jez-timms-761.jpg]
[glanz.starkethemes.com/html/images/wedding_m/600x600/lanty-250628.jpg]
[glanz.starkethemes.com/html/images/wedding_m/600x600/beatriz-perez-moya-191993.jpg]
[glanz.starkethemes.com/html/images/wedding_m/600x600/drew-coffman-100876.jpg]
[glanz.starkethemes.com/html/images/wedding_m/600x600/pro-image-photography-126737.jpg]
[glanz.starkethemes.com/html/images/wedding_m/600x600/sweet-ice-cream-photography-87191.jpg]
[glanz.starkethemes.com/html/images/wedding_m/600x600/tamara-menzi-224981.jpg]
[glanz.starkethemes.com/html/images/wedding_m/600x600/sweet-ice-cream-photography-123164.jpg]
[glanz.starkethemes.com/html/images/wedding_m/zivile-arunas-211579.jpg]
[glanz.starkethemes.com/html/01_08_wedding_flowers.html]
[glanz.starkethemes.com/html/images/cakes/brooke-lark-212309.jpg]
[glanz.starkethemes.com/html/images/sweet/1hh57ohkdcc-toa-heftiba.jpg]
[glanz.starkethemes.com/html/images/cakes/600x600/jeremy-wong-254456.jpg]
[glanz.starkethemes.com/html/images/cakes/600x600/marcie-douglass-204244.jpg]
[glanz.starkethemes.com/html/images/cakes/600x600/amy-treasure-69666.jpg]
[glanz.starkethemes.com/html/images/cakes/600x600/toa-heftiba-227081.jpg]
[glanz.starkethemes.com/html/images/cakes/600x600/toa-heftiba-134254.jpg]
[glanz.starkethemes.com/html/images/wedding/600x600/llwjwo200fo-drew-coffman.jpg]
[glanz.starkethemes.com/html/images/wedding/600x600/iviped6yayq-scott-webb.jpg]
[glanz.starkethemes.com/html/01_11_wedding_cakes.html]
[glanz.starkethemes.com/html/images/wedding_m/anne-edgar-119372.jpg]
[glanz.starkethemes.com/html/images/invitations/inv_i/back.jpg]
[glanz.starkethemes.com/html/images/invitations/inv_i/save_the_date.gif]
[glanz.starkethemes.com/html/02_01_invitation.html]
[glanz.starkethemes.com/html/images/wedding_m/green_b.jpg]
[glanz.starkethemes.com/html/images/invitations/inv_i/back2.jpg]
[glanz.starkethemes.com/html/images/invitations/inv_i/save_the_date_bl.gif]
[glanz.starkethemes.com/html/02_02_invitation.html]
[glanz.starkethemes.com/html/images/wedding_m/anne-edgar-119384_2.jpg]
[glanz.starkethemes.com/html/images/invitations/inv_i/back3.jpg]
[glanz.starkethemes.com/html/images/invitations/inv_i/save_the_date_pu.gif]
[glanz.starkethemes.com/html/02_03_invitation.html]
[glanz.starkethemes.com/html/images/wedding_m/sweet-ice-cream-photography-87191.jpg]
[glanz.starkethemes.com/html/images/invitations/inv_i/back4.jpg]
[glanz.starkethemes.com/html/images/invitations/inv_i/save_the_date_red.gif]
[glanz.starkethemes.com/html/02_04_invitation.html]
[glanz.starkethemes.com/html/images/wedding/andy_jeska/10095069494_01a19308a8_k.jpg]
[glanz.starkethemes.com/html/images/wedding/andy_jeska/10095079386_b830b27b52_k.jpg]
[glanz.starkethemes.com/html/images/wedding/andy_jeska/10095086876_adc6b57d6e_k.jpg]
[platform.twitter.com/widgets.js]
[glanz.starkethemes.com/html/03_01_blog_sidebar.html]
[glanz.starkethemes.com/html/03_02_blog_1col.html]
[glanz.starkethemes.com/html/images/faces/100x100/u4skl1shwtq-genessa-panainte.jpg]
[glanz.starkethemes.com/html/images/faces/100x100/pas4im6ogwi-joe-gardner.jpg]
[glanz.starkethemes.com/html/images/faces/100x100/rdeovte7vos-christopher-campbell.jpg]
[glanz.starkethemes.com/html/03_03_blog_single_sidebar.html]
[glanz.starkethemes.com/html/03_04_blog_single_col1.html]
[glanz.starkethemes.com/html/images/wedding_m/600x600/anne-edgar-119373.jpg]
[glanz.starkethemes.com/html/images/wedding_m/600x600/brooke-cagle-193346.jpg]
[glanz.starkethemes.com/html/images/wedding_m/600x600/brandon-morgan-17707.jpg]
[glanz.starkethemes.com/html/images/wedding_m/600x600/caroline-veronez-131137.jpg]
[glanz.starkethemes.com/html/images/wedding_m/600x600/emma-frances-logan-barker-200055.jpg]
[glanz.starkethemes.com/html/images/wedding_m/600x600/anete-lusina-147373.jpg]
[glanz.starkethemes.com/html/04_01_shop_category_col1.html]
[glanz.starkethemes.com/html/images/wedding_m/600x600/tom-pumford-229944.jpg]
[glanz.starkethemes.com/html/images/wedding_m/600x600/tom-pumford-230331.jpg]
[glanz.starkethemes.com/html/images/wedding_m/600x600/tom-pumford-241908.jpg]
[glanz.starkethemes.com/html/04_02_shop_category_sidebar.html]
[glanz.starkethemes.com/html/images/wedding_m/600x600/anne-edgar-119372.jpg]
[glanz.starkethemes.com/html/images/wedding_m/600x600/anne-edgar-119371.jpg]
[glanz.starkethemes.com/html/04_03_shop_single_sidebar.html]
[glanz.starkethemes.com/html/images/wedding_m/600x600/cayton-heath-60402.jpg]
[glanz.starkethemes.com/html/04_04_shop_cart.html]
[glanz.starkethemes.com/html/images/wedding_m/600x600/alvin-mahmudov-218574.jpg]
[glanz.starkethemes.com/html/images/wedding_m/600x600/andre-hunter-181730.jpg]
[glanz.starkethemes.com/html/04_05_shop_checkout.html]
[glanz.starkethemes.com/html/images/wedding_m/alvin-mahmudov-174280.jpg]
[glanz.starkethemes.com/html/images/wedding_m/600x600/alvin-mahmudov-174280.jpg]
[glanz.starkethemes.com/html/images/wedding_m/andre-hunter-181730.jpg]
[glanz.starkethemes.com/html/images/wedding_m/andreas-ronningen-29698.jpg]
[glanz.starkethemes.com/html/images/wedding_m/600x600/andreas-ronningen-29698.jpg]
[glanz.starkethemes.com/html/images/wedding_m/anete-lusina-147373.jpg]
[glanz.starkethemes.com/html/images/wedding_m/anne-edgar-119371.jpg]
[glanz.starkethemes.com/html/05_01_shortcodes.html]
[glanz.starkethemes.com/html/images/wedding/ian_kelsey/600x600/14818599945_45817b7c25_k.jpg]
[glanz.starkethemes.com/html/images/wedding/ian_kelsey/600x600/14814281111_b4f0b02491_k.jpg]
[glanz.starkethemes.com/html/images/wedding/ian_kelsey/600x600/14629215270_1dd23b097e_k.jpg]
[glanz.starkethemes.com/html/05_14_when_where.html]
[glanz.starkethemes.com/html/images/wedding/ian_kelsey/600x600/14631705149_ff402671b6_k.jpg]
[glanz.starkethemes.com/html/images/wedding/ian_kelsey/600x600/14631825380_36864500ba_k.jpg]
[glanz.starkethemes.com/html/images/wedding/ian_kelsey/600x600/14631742628_f5ea2dcbc5_k.jpg]
[glanz.starkethemes.com/html/images/wedding/ian_kelsey/600x600/14631884719_c89cc9f497_k.jpg]
[glanz.starkethemes.com/html/images/wedding/ian_kelsey/600x600/14631836527_027fc64457_k.jpg]
[glanz.starkethemes.com/html/images/wedding/ian_kelsey/600x600/14631847169_9254b6da2c_k.jpg]
[glanz.starkethemes.com/html/images/wedding/ian_kelsey/600x600/14815261061_7ef2b91207_k.jpg]
[glanz.starkethemes.com/html/images/wedding/ian_kelsey/600x600/14815417521_d0f38daff1_k.jpg]
[glanz.starkethemes.com/html/05_15_friends.html]
[glanz.starkethemes.com/html/images/wedding/ian_kelsey/14818410145_0413998881_k.jpg]
[glanz.starkethemes.com/html/images/wedding/ian_kelsey/14815312201_0608beeccd_k.jpg]
[glanz.starkethemes.com/html/05_16_about.html]
[glanz.starkethemes.com/html/images/wedding/ian_kelsey/14795026036_19a656e3f6_k.jpg]
[glanz.starkethemes.com/html/images/animations/save_gold.gif]
[glanz.starkethemes.com/html/05_17_save.html]
[glanz.starkethemes.com/html/images/wedding/ian_kelsey/14812748891_aef5b27a4a_k.jpg]
[glanz.starkethemes.com/html/images/animations/rsvp_gold.gif]
[glanz.starkethemes.com/html/05_18_rsvp.html]
[glanz.starkethemes.com/html/images/animations/and_wh.gif]
[glanz.starkethemes.com/html/images/animations/for_wh.gif]
[glanz.starkethemes.com/html/images/animations/mrandmrs_wh.gif]
[glanz.starkethemes.com/html/images/animations/and.gif]
[glanz.starkethemes.com/html/images/animations/for.gif]
[glanz.starkethemes.com/html/images/animations/just.gif]
[glanz.starkethemes.com/html/images/animations/ourwedding.gif]
[glanz.starkethemes.com/html/images/animations/thnyou.gif]
[glanz.starkethemes.com/html/images/animations/for_gold.gif]
[glanz.starkethemes.com/html/images/animations/just_gold.gif]
[glanz.starkethemes.com/html/images/animations/mr_gold.gif]
[glanz.starkethemes.com/html/images/animations/ourwedding_gold.gif]
[glanz.starkethemes.com/html/images/animations/thanks_gold.gif]
[glanz.starkethemes.com/html/images/animations/rsvp_gold_wh.gif]
[glanz.starkethemes.com/html/images/animations/and_gold_wh.gif]
[glanz.starkethemes.com/html/images/animations/for_gold_wh.gif]
[glanz.starkethemes.com/html/images/animations/just_gold_wh.gif]
[glanz.starkethemes.com/html/images/animations/mr_gold_wh.gif]
[glanz.starkethemes.com/html/images/animations/save_gold_wh.gif]
[glanz.starkethemes.com/html/images/animations/thanks_gold_wh.gif]
[glanz.starkethemes.com/html/images/animations/flowers4.gif]
[glanz.starkethemes.com/html/05_19_badges.html]
[glanz.starkethemes.com/html/05_02_testimonials.html]
[glanz.starkethemes.com/html/05_03_passpartu.html]
[glanz.starkethemes.com/html/images/animations/ourwedding_st.gif]
[glanz.starkethemes.com/html/05_04_preloader.html]
[glanz.starkethemes.com/html/images/wedding_m/brooke-cagle-193349.jpg]
[glanz.starkethemes.com/html/images/video/350950598.mp4]
[glanz.starkethemes.com/html/images/video/350950598.webm]
[glanz.starkethemes.com/html/images/animations/ourwedding_wh_st.gif]
[glanz.starkethemes.com/html/05_05_videointro.html]
[glanz.starkethemes.com/html/05_06_video_slider.html]
[glanz.starkethemes.com/html/05_07_video_section.html]
[glanz.starkethemes.com/html/05_08_slider.html]
[glanz.starkethemes.com/html/05_09_header_transparent.html]
[glanz.starkethemes.com/html/05_10_header_white.html]
[glanz.starkethemes.com/html/05_11_header_black.html]
[glanz.starkethemes.com/html/05_12_header_image.html]
[glanz.starkethemes.com/html/05_13_footers.html]
[glanz.starkethemes.com/html/images/animations/savethedate_wh.gif]
[glanz.starkethemes.com/html/images/wedding/lauren_affonso/600x600/14214347748_db9bfb6322_k.jpg]
[glanz.starkethemes.com/html/images/partners/macys-logo.png]
[glanz.starkethemes.com/html/images/wedding/lauren_affonso/14421186043_a817e20aa5_k-ryan-moreno.jpg]
[glanz.starkethemes.com/html/images/wedding/lauren_affonso/14401255335_785c7e78a4_k.jpg]
[glanz.starkethemes.com/html/images/wedding/lauren_affonso/14421584103_4393f08b6c_k.jpg]
[glanz.starkethemes.com/html/js/jquery-1.12.4.min.js]
[glanz.starkethemes.com/html/GET.18d.delayed]
[glanz.starkethemes.com/html/Popover requires tooltip.js]
[glanz.starkethemes.com/html/js/glanz_library.js]
[glanz.starkethemes.com/html/js/glanz_script.js]
[glanz.starkethemes.com/html/fonts/glyphicons-halflings-regular.html]
[glanz.starkethemes.com/html/fonts/glyphicons-halflings-regulard41d.html]
[glanz.starkethemes.com/html/fonts/glyphicons-halflings-regular-2.html]
[glanz.starkethemes.com/html/fonts/glyphicons-halflings-regular-3.html]
[glanz.starkethemes.com/html/fonts/glyphicons-halflings-regular-4.html]
[glanz.starkethemes.com/html/fonts/glyphicons-halflings-regular-5.html]
[glanz.starkethemes.com/html/css/grabbing.html]
[glanz.starkethemes.com/html/css/AjaxLoader.html]
[glanz.starkethemes.com/html/fonts/fonts/themify9f24.ttf]
[glanz.starkethemes.com/html/images/enhance_logo_n.html]
[glanz.starkethemes.com/html/images/gold_numbers.gif]
[glanz.starkethemes.com/html/images/flower3.png]
[glanz.starkethemes.com/html/images/macbook2.html]
[glanz.starkethemes.com/html/images/gla_desktop.png]
[glanz.starkethemes.com/html/images/gla_mobile_header.html]
[glanz.starkethemes.com/html/images/gla_tablet_header.html]
[glanz.starkethemes.com/html/fonts/marsha/marsha_belle_demo_version-webfont.woff]
[glanz.starkethemes.com/html/fonts/marsha/marsha_belle_demo_version-webfont.svg]
[glanz.starkethemes.com/html/images/animations/flowers.gif]
[glanz.starkethemes.com/html/images/animations/flowers3.gif]
[glanz.starkethemes.com/html/images/wedding/andy_jeska/600x600/10095963916_57e18bea41_k.jpg]
[glanz.starkethemes.com/html/images/wedding/andy_jeska/10099579135_677c46440b_k.jpg]
[glanz.starkethemes.com/html/01_03_home_golden.html]
[glanz.starkethemes.com/html/images/wedding/carita_lee/15499168455_d3a42471c3_k.jpg]
[glanz.starkethemes.com/html/images/partners/amazon_bl.png]
[glanz.starkethemes.com/html/images/partners/crate_bl.png]
[glanz.starkethemes.com/html/fonts/wedding/Flaticon.eot]
[glanz.starkethemes.com/html/fonts/wedding/Flaticond41d.eot]
[glanz.starkethemes.com/html/fonts/wedding/Flaticon.ttf]
[glanz.starkethemes.com/html/fonts/wedding/flaticon.css]
[glanz.starkethemes.com/html/fonts/wedding/Flaticon.svg]
[glanz.starkethemes.com/html/images/wedding_m/600x600/zivile-arunas-211579.jpg]
[glanz.starkethemes.com/html/images/cakes/600x600/brooke-lark-203842.jpg]
[glanz.starkethemes.com/html/images/animations/ourwedding_gold_wh.gif]
[glanz.starkethemes.com/html/images/animations/and_gold.gif]
[glanz.starkethemes.com/html/images/video/350950598.mp4]
[glanz.starkethemes.com/html/images/video/350950598.webm]
[glanz.starkethemes.com/html/images/wedding/lauren_affonso/14214345610_af0e495ff2_k.jpg]
[glanz.starkethemes.com/html/images/partners/bed-bath-beyond-logo.png]
[glanz.starkethemes.com/html/images/wedding/lauren_affonso/14421186043_a817e20aa5_k-ryan-moreno.jpg]
[glanz.starkethemes.com/html/GET.html]
[glanz.starkethemes.com/html/Popover requires tooltip.html]
[glanz.starkethemes.com/html/fonts/fonts/themify9f24.svg]
[glanz.starkethemes.com/html/images/gla_desktop.png]
[glanz.starkethemes.com/html/fonts/marsha/marsha_belle_demo_version-webfont.svg]
[glanz.starkethemes.com/html/images/wedding/andy_jeska/10094863536_8f293da2ad_k.jpg]
[glanz.starkethemes.com/html/images/wedding/ian_kelsey/600x600/14629241938_afd1c2c19f_k.jpg]
[glanz.starkethemes.com/html/images/wedding/ian_kelsey/14629366249_a895d3c41c_k.jpg]
[glanz.starkethemes.com/html/images/wedding/ian_kelsey/600x600/14629366249_a895d3c41c_k.jpg]
[glanz.starkethemes.com/html/images/wedding/ian_kelsey/14630573088_e3cb39d65b_k.jpg]
[glanz.starkethemes.com/html/images/wedding/ian_kelsey/600x600/14630573088_e3cb39d65b_k.jpg]
[glanz.starkethemes.com/html/images/wedding/ian_kelsey/14630657150_298792a6c8_k.jpg]
[glanz.starkethemes.com/html/images/wedding/ian_kelsey/600x600/14630657150_298792a6c8_k.jpg]
[glanz.starkethemes.com/html/images/wedding/ian_kelsey/14630753900_1b99896bf8_k.jpg]
[glanz.starkethemes.com/html/images/wedding/ian_kelsey/600x600/14630753900_1b99896bf8_k.jpg]
[glanz.starkethemes.com/html/images/wedding/ian_kelsey/14630831637_e89e5458e8_k.jpg]
[glanz.starkethemes.com/html/images/wedding/ian_kelsey/600x600/14630831637_e89e5458e8_k.jpg]
[glanz.starkethemes.com/html/images/wedding/ian_kelsey/14630835310_d9b28841fa_k.jpg]
[glanz.starkethemes.com/html/images/wedding/ian_kelsey/600x600/14630835310_d9b28841fa_k.jpg]
[glanz.starkethemes.com/html/images/wedding/ian_kelsey/14630987977_56c6fb9e97_k.jpg]
[glanz.starkethemes.com/html/images/wedding/ian_kelsey/600x600/14630987977_56c6fb9e97_k.jpg]
[glanz.starkethemes.com/html/images/wedding/ian_kelsey/14631474507_58851e646e_k.jpg]
[glanz.starkethemes.com/html/images/wedding/ian_kelsey/600x600/14631474507_58851e646e_k.jpg]
[glanz.starkethemes.com/html/images/wedding/ian_kelsey/14631570357_9e9bf04679_k.jpg]
[glanz.starkethemes.com/html/images/wedding/ian_kelsey/600x600/14631570357_9e9bf04679_k.jpg]
[glanz.starkethemes.com/html/images/wedding/ian_kelsey/14631668589_b6087a9369_k.jpg]
[glanz.starkethemes.com/html/images/wedding/ian_kelsey/600x600/14631668589_b6087a9369_k.jpg]
[glanz.starkethemes.com/html/images/wedding/ian_kelsey/14631705149_ff402671b6_k.jpg]
[glanz.starkethemes.com/html/images/wedding/ian_kelsey/600x600/14814210441_d5f33a00f1_k.jpg]
[glanz.starkethemes.com/html/images/wedding/ian_kelsey/14814757054_4e9f636ddd_k.jpg]
[glanz.starkethemes.com/html/images/wedding/ian_kelsey/600x600/14814757054_4e9f636ddd_k.jpg]
[glanz.starkethemes.com/html/images/wedding/ian_kelsey/14818339605_e6e3955e7a_k.jpg]
[glanz.starkethemes.com/html/images/wedding/ian_kelsey/600x600/14818339605_e6e3955e7a_k.jpg]
[glanz.starkethemes.com/html/images/wedding/ian_kelsey/14817081322_de48f545d9_k.jpg]
[glanz.starkethemes.com/html/images/wedding/ian_kelsey/600x600/14817081322_de48f545d9_k.jpg]
[glanz.starkethemes.com/html/images/wedding/ian_kelsey/14816119004_915ea67cff_k.jpg]
[glanz.starkethemes.com/html/images/wedding/ian_kelsey/600x600/14816119004_915ea67cff_k.jpg]
[glanz.starkethemes.com/html/images/wedding/ian_kelsey/14815470541_082c1294ad_k.jpg]
[glanz.starkethemes.com/html/images/wedding/ian_kelsey/600x600/14815470541_082c1294ad_k.jpg]
[glanz.starkethemes.com/html/01_03_home_golden.html]
[glanz.starkethemes.com/html/images/wedding/carita_lee/15320532559_ee3e0d021d_k.jpg]
[glanz.starkethemes.com/html/fonts/wedding/Flaticon.woff]
[glanz.starkethemes.com/html/fonts/wedding/Flaticon.svg]
[glanz.starkethemes.com/html/images/video/350950598.mp4]
[glanz.starkethemes.com/html/images/video/350950598.webm]
[glanz.starkethemes.com/html/fonts/fonts/themify9f24.svg]
[glanz.starkethemes.com/html/images/wedding_m/600x600/chuttersnap-179159.jpg]
